src/components/common/ErrorBoundary.tsx(1,8): error TS6133: 'React' is declared but its value is never read.
src/components/IdCardGenerator.tsx(56,13): error TS6133: 'margin' is declared but its value is never read.
src/pages/admin/AdminAnnouncements.tsx(44,18): error TS2345: Argument of type 'string' is not assignable to parameter of type 'SetStateAction<number | null>'.
src/pages/admin/AdminAnnouncements.tsx(48,17): error TS2339: Property 'target' does not exist on type 'Announcement'.
src/pages/admin/AdminAnnouncements.tsx(49,19): error TS2339: Property 'isActive' does not exist on type 'Announcement'.
src/pages/admin/AdminAnnouncements.tsx(84,36): error TS2345: Argument of type 'string' is not assignable to parameter of type 'number'.
src/pages/admin/AdminAnnouncements.tsx(84,57): error TS2339: Property 'isActive' does not exist on type 'Announcement'.
src/pages/admin/AdminAnnouncements.tsx(116,49): error TS2339: Property 'isActive' does not exist on type 'Announcement'.
src/pages/admin/AdminAnnouncements.tsx(119,64): error TS2339: Property 'target' does not exist on type 'Announcement'.
src/pages/admin/AdminAnnouncements.tsx(119,91): error TS2339: Property 'target' does not exist on type 'Announcement'.
src/pages/admin/AdminAnnouncements.tsx(131,50): error TS2339: Property 'isActive' does not exist on type 'Announcement'.
src/pages/admin/AdminAnnouncements.tsx(135,24): error TS2339: Property 'isActive' does not exist on type 'Announcement'.
src/pages/admin/AdminAnnouncements.tsx(137,22): error TS2339: Property 'isActive' does not exist on type 'Announcement'.
src/pages/admin/AdminAnnouncements.tsx(143,86): error TS2345: Argument of type 'string' is not assignable to parameter of type 'number'.
src/pages/area/PsrHub.tsx(5,1): error TS6133: 'useAuth' is declared but its value is never read.
src/pages/area/PsrHub.tsx(71,9): error TS6133: 'circumference' is declared but its value is never read.
src/pages/area/RegisterSchool.tsx(60,8): error TS6133: 'err' is declared but its value is never read.
src/pages/ChangePassword.tsx(36,46): error TS2339: Property 'token' does not exist on type '{ user: User; }'.
src/pages/partnership/PartnershipHome.tsx(10,9): error TS6133: 'navigate' is declared but its value is never read.
src/pages/Planning.tsx(7,9): error TS6133: 'user' is declared but its value is never read.
src/pages/Register.tsx(47,9): error TS2353: Object literal may only specify known properties, and 'accessCode' does not exist in type '{ email: string; password: string; name: string; role?: string | undefined; region?: string | undefined; subRegion?: string | undefined; area?: string | undefined; }'.
src/pages/schoolministry/MinistryHome.tsx(10,9): error TS6133: 'navigate' is declared but its value is never read.
src/pages/subregional/ManagerPlanning.tsx(30,5): error TS2304: Cannot find name 'setError'.
src/pages/subregional/ManagerPlanning.tsx(42,7): error TS2304: Cannot find name 'setError'.
src/pages/Volunteers.tsx(1,8): error TS6133: 'React' is declared but its value is never read.
src/services/persistenceService.ts(25,34): error TS6133: 'event' is declared but its value is never read.
